core/debugging/FixStrategies.ts(232,7): error TS2322: Type '(error: ErrorInfo) => string | false | undefined' is not assignable to type '(error: ErrorInfo) => boolean'.
  Type 'string | false | undefined' is not assignable to type 'boolean'.
    Type 'undefined' is not assignable to type 'boolean'.
